[    0.000000] Linux version 4.15.0-171-generic (buildd@ubuntu) (gcc version 7.5.0 (Ubuntu 7.5.0-3ubuntu1~18.04)) #180-Ubuntu SMP Wed Mar 2 17:25:05 UTC 2022 (Ubuntu 4.15.0-171.180-generic 4.15.18)
[    0.000000] Command line: BOOT_IMAGE=/boot/vmlinuz-4.15.0-171-generic root=LABEL=cloudimg-rootfs ro console=tty1 console=ttyS0
[    0.000000] KERNEL supported cpus:
[    0.000000]   Intel GenuineIntel
[    0.000000]   AMD AuthenticAMD
[    0.000000]   Centaur CentaurHauls
[    0.000000] x86/fpu: x87 FPU will use FXSAVE
[    0.000000] e820: BIOS-provided physical RAM map:
[    0.000000] BIOS-e820: [mem 0x0000000000000000-0x000000000009fbff] usable
[    0.000000] BIOS-e820: [mem 0x000000000009fc00-0x000000000009ffff] reserved
[    0.000000] BIOS-e820: [mem 0x00000000000f0000-0x00000000000fffff] reserved
[    0.000000] BIOS-e820: [mem 0x0000000000100000-0x000000003ffeffff] usable
[    0.000000] BIOS-e820: [mem 0x000000003fff0000-0x000000003fffffff] ACPI data
[    0.000000] BIOS-e820: [mem 0x00000000fec00000-0x00000000fec00fff] reserved
[    0.000000] BIOS-e820: [mem 0x00000000fee00000-0x00000000fee00fff] reserved
[    0.000000] BIOS-e820: [mem 0x00000000fffc0000-0x00000000ffffffff] reserved
[    0.000000] NX (Execute Disable) protection: active
[    0.000000] SMBIOS 2.5 present.
[    0.000000] DMI: innotek GmbH VirtualBox/VirtualBox, BIOS VirtualBox 12/01/2006
[    0.000000] Hypervisor detected: KVM
[    0.000000] e820: last_pfn = 0x3fff0 max_arch_pfn = 0x400000000
[    0.000000] MTRR: Disabled
[    0.000000] x86/PAT: MTRRs disabled, skipping PAT initialization too.
[    0.000000] CPU MTRRs all blank - virtualized system.
[    0.000000] x86/PAT: Configuration [0-7]: WB  WT  UC- UC  WB  WT  UC- UC  
[    0.000000] found SMP MP-table at [mem 0x0009fff0-0x0009ffff]
[    0.000000] Scanning 1 areas for low memory corruption
[    0.000000] RAMDISK: [mem 0x359cb000-0x36cdcfff]
[    0.000000] ACPI: Early table checksum verification disabled
[    0.000000] ACPI: RSDP 0x00000000000E0000 000024 (v02 VBOX  )
[    0.000000] ACPI: XSDT 0x000000003FFF0030 00003C (v01 VBOX   VBOXXSDT 00000001 ASL  00000061)
[    0.000000] ACPI: FACP 0x000000003FFF00F0 0000F4 (v04 VBOX   VBOXFACP 00000001 ASL  00000061)
[    0.000000] ACPI: DSDT 0x000000003FFF0470 002325 (v02 VBOX   VBOXBIOS 00000002 INTL 20100528)
[    0.000000] ACPI: FACS 0x000000003FFF0200 000040
[    0.000000] ACPI: FACS 0x000000003FFF0200 000040
[    0.000000] ACPI: APIC 0x000000003FFF0240 00005C (v02 VBOX   VBOXAPIC 00000001 ASL  00000061)
[    0.000000] ACPI: SSDT 0x000000003FFF02A0 0001CC (v01 VBOX   VBOXCPUT 00000002 INTL 20100528)
[    0.000000] ACPI: Reserving FACP table memory at [mem 0x3fff00f0-0x3fff01e3]
[    0.000000] ACPI: Reserving DSDT table memory at [mem 0x3fff0470-0x3fff2794]
[    0.000000] ACPI: Reserving FACS table memory at [mem 0x3fff0200-0x3fff023f]
[    0.000000] ACPI: Reserving FACS table memory at [mem 0x3fff0200-0x3fff023f]
[    0.000000] ACPI: Reserving APIC table memory at [mem 0x3fff0240-0x3fff029b]
[    0.000000] ACPI: Reserving SSDT table memory at [mem 0x3fff02a0-0x3fff046b]
[    0.000000] No NUMA configuration found
[    0.000000] Faking a node at [mem 0x0000000000000000-0x000000003ffeffff]
[    0.000000] NODE_DATA(0) allocated [mem 0x3ffc5000-0x3ffeffff]
[    0.000000] kvm-clock: cpu 0, msr 0:3ff44001, primary cpu clock
[    0.000000] kvm-clock: Using msrs 4b564d01 and 4b564d00
[    0.000000] kvm-clock: using sched offset of 4029043189 cycles
[    0.000000] clocksource: kvm-clock: mask: 0xffffffffffffffff max_cycles: 0x1cd42e4dffb, max_idle_ns: 881590591483 ns
[    0.000000] Zone ranges:
[    0.000000]   DMA      [mem 0x0000000000001000-0x0000000000ffffff]
[    0.000000]   DMA32    [mem 0x0000000001000000-0x000000003ffeffff]
[    0.000000]   Normal   empty
[    0.000000]   Device   empty
[    0.000000] Movable zone start for each node
[    0.000000] Early memory node ranges
[    0.000000]   node   0: [mem 0x0000000000001000-0x000000000009efff]
[    0.000000]   node   0: [mem 0x0000000000100000-0x000000003ffeffff]
[    0.000000] Reserved but unavailable: 104 pages
[    0.000000] Initmem setup node 0 [mem 0x0000000000001000-0x000000003ffeffff]
[    0.000000] ACPI: PM-Timer IO Port: 0x4008
[    0.000000] IOAPIC[0]: apic_id 2, version 32, address 0xfec00000, GSI 0-23
[    0.000000] ACPI: INT_SRC_OVR (bus 0 bus_irq 0 global_irq 2 dfl dfl)
[    0.000000] ACPI: INT_SRC_OVR (bus 0 bus_irq 9 global_irq 9 low level)
[    0.000000] Using ACPI (MADT) for SMP configuration information
[    0.000000] smpboot: Allowing 2 CPUs, 0 hotplug CPUs
[    0.000000] PM: Registered nosave memory: [mem 0x00000000-0x00000fff]
[    0.000000] PM: Registered nosave memory: [mem 0x0009f000-0x0009ffff]
[    0.000000] PM: Registered nosave memory: [mem 0x000a0000-0x000effff]
[    0.000000] PM: Registered nosave memory: [mem 0x000f0000-0x000fffff]
[    0.000000] e820: [mem 0x40000000-0xfebfffff] available for PCI devices
[    0.000000] Booting paravirtualized kernel on KVM
[    0.000000] clocksource: refined-jiffies: mask: 0xffffffff max_cycles: 0xffffffff, max_idle_ns: 7645519600211568 ns
[    0.000000] random: get_random_bytes called from start_kernel+0x99/0x500 with crng_init=0
[    0.000000] setup_percpu: NR_CPUS:8192 nr_cpumask_bits:2 nr_cpu_ids:2 nr_node_ids:1
[    0.000000] percpu: Embedded 50 pages/cpu s167936 r8192 d28672 u1048576
[    0.000000] PV qspinlock hash table entries: 256 (order: 0, 4096 bytes)
[    0.000000] Built 1 zonelists, mobility grouping on.  Total pages: 257913
[    0.000000] Policy zone: DMA32
[    0.000000] Kernel command line: BOOT_IMAGE=/boot/vmlinuz-4.15.0-171-generic root=LABEL=cloudimg-rootfs ro console=tty1 console=ttyS0
[    0.000000] Memory: 982640K/1048120K available (12300K kernel code, 2483K rwdata, 4324K rodata, 2476K init, 2724K bss, 65480K reserved, 0K cma-reserved)
[    0.000000] SLUB: HWalign=64, Order=0-3, MinObjects=0, CPUs=2, Nodes=1
[    0.000000] Kernel/User page tables isolation: enabled
[    0.000000] ftrace: allocating 39503 entries in 155 pages
[    0.004000] Hierarchical RCU implementation.
[    0.004000] 	RCU restricting CPUs from NR_CPUS=8192 to nr_cpu_ids=2.
[    0.004000] 	Tasks RCU enabled.
[    0.004000] RCU: Adjusting geometry for rcu_fanout_leaf=16, nr_cpu_ids=2
[    0.004000] NR_IRQS: 524544, nr_irqs: 440, preallocated irqs: 16
[    0.004000] Console: colour VGA+ 80x25
[    0.004000] console [tty1] enabled
[    0.004000] console [ttyS0] enabled
[    0.004000] ACPI: Core revision 20170831
[    0.004000] ACPI: 2 ACPI AML tables successfully acquired and loaded
[    0.004000] APIC: Switch to symmetric I/O mode setup
[    0.004000] ..TIMER: vector=0x30 apic1=0 pin1=2 apic2=-1 pin2=-1
[    0.004000] tsc: Detected 3696.002 MHz processor
[    0.004000] Calibrating delay loop (skipped) preset value.. 7392.00 BogoMIPS (lpj=14784008)
[    0.004000] pid_max: default: 32768 minimum: 301
[    0.004000] Security Framework initialized
[    0.004000] Yama: becoming mindful.
[    0.004000] AppArmor: AppArmor initialized
[    0.004000] Dentry cache hash table entries: 131072 (order: 8, 1048576 bytes)
[    0.004000] Inode-cache hash table entries: 65536 (order: 7, 524288 bytes)
[    0.004000] Mount-cache hash table entries: 2048 (order: 2, 16384 bytes)
[    0.004000] Mountpoint-cache hash table entries: 2048 (order: 2, 16384 bytes)
[    0.008220] Last level iTLB entries: 4KB 64, 2MB 8, 4MB 8
[    0.012000] Last level dTLB entries: 4KB 64, 2MB 0, 4MB 0, 1GB 4
[    0.012000] Spectre V1 : Mitigation: usercopy/swapgs barriers and __user pointer sanitization
[    0.012000] Spectre V2 : Mitigation: Retpolines
[    0.012000] Spectre V2 : Spectre v2 / SpectreRSB mitigation: Filling RSB on context switch
[    0.012000] Speculative Store Bypass: Vulnerable
[    0.012000] MDS: Mitigation: Clear CPU buffers
[    0.012000] Freeing SMP alternatives memory: 36K
[    0.020000] APIC calibration not consistent with PM-Timer: 106ms instead of 100ms
[    0.020000] APIC delta adjusted to PM-Timer: 6462526 (6880496)
[    0.020000] smpboot: CPU0: Intel(R) Core(TM) i7-8700K CPU @ 3.70GHz (family: 0x6, model: 0x9e, stepping: 0xa)
[    0.020000] Performance Events: unsupported p6 CPU model 158 no PMU driver, software events only.
[    0.020000] Hierarchical SRCU implementation.
[    0.020000] NMI watchdog: Perf event create on CPU 0 failed with -2
[    0.020000] NMI watchdog: Perf NMI watchdog permanently disabled
[    0.020000] smp: Bringing up secondary CPUs ...
[    0.020000] x86: Booting SMP configuration:
[    0.020000] .... node  #0, CPUs:      #1
[    0.004000] kvm-clock: cpu 1, msr 0:3ff44041, secondary cpu clock
[    0.028000] TSC synchronization [CPU#0 -> CPU#1]:
[    0.028000] Measured 66613 cycles TSC warp between CPUs, turning off TSC clock.
[    0.028000] tsc: Marking TSC unstable due to check_tsc_sync_source failed
[    0.032133] smp: Brought up 1 node, 2 CPUs
[    0.036000] smpboot: Max logical packages: 1
[    0.036000] smpboot: Total of 2 processors activated (14784.00 BogoMIPS)
[    0.040094] devtmpfs: initialized
[    0.043475] x86/mm: Memory block size: 128MB
[    0.044000] evm: security.selinux
[    0.044000] evm: security.SMACK64
[    0.044000] evm: security.SMACK64EXEC
[    0.044000] evm: security.SMACK64TRANSMUTE
[    0.044000] evm: security.SMACK64MMAP
[    0.044000] evm: security.apparmor
[    0.044000] evm: security.ima
[    0.044000] evm: security.capability
[    0.044410] clocksource: jiffies: mask: 0xffffffff max_cycles: 0xffffffff, max_idle_ns: 7645041785100000 ns
[    0.048000] futex hash table entries: 512 (order: 3, 32768 bytes)
[    0.048000] pinctrl core: initialized pinctrl subsystem
[    0.048000] RTC time:  2:29:46, date: 03/19/22
[    0.048000] NET: Registered protocol family 16
[    0.048000] audit: initializing netlink subsys (disabled)
[    0.048151] audit: type=2000 audit(1647656990.770:1): state=initialized audit_enabled=0 res=1
[    0.060031] cpuidle: using governor ladder
[    0.064000] cpuidle: using governor menu
[    0.064000] ACPI: bus type PCI registered
[    0.064000] acpiphp: ACPI Hot Plug PCI Controller Driver version: 0.5
[    0.064000] PCI: Using configuration type 1 for base access
[    0.068418] HugeTLB registered 2.00 MiB page size, pre-allocated 0 pages
[    0.072609] ACPI: Added _OSI(Module Device)
[    0.076000] ACPI: Added _OSI(Processor Device)
[    0.076000] ACPI: Added _OSI(3.0 _SCP Extensions)
[    0.076000] ACPI: Added _OSI(Processor Aggregator Device)
[    0.076000] ACPI: Added _OSI(Linux-Dell-Video)
[    0.076000] ACPI: Added _OSI(Linux-Lenovo-NV-HDMI-Audio)
[    0.076000] ACPI: Added _OSI(Linux-HPI-Hybrid-Graphics)
[    0.080110] ACPI: Executed 1 blocks of module-level executable AML code
[    0.085927] ACPI: Interpreter enabled
[    0.088000] ACPI: (supports S0 S5)
[    0.088000] ACPI: Using IOAPIC for interrupt routing
[    0.088332] PCI: Using host bridge windows from ACPI; if necessary, use "pci=nocrs" and report a bug
[    0.092000] ACPI: Enabled 2 GPEs in block 00 to 07
[    0.101205] ACPI: PCI Root Bridge [PCI0] (domain 0000 [bus 00-ff])
[    0.104000] acpi PNP0A03:00: _OSC: OS supports [ASPM ClockPM Segments MSI]
[    0.104674] acpi PNP0A03:00: _OSC: not requesting OS control; OS requires [ExtendedConfig ASPM ClockPM MSI]
[    0.108000] acpi PNP0A03:00: fail to add MMCONFIG information, can't access extended PCI configuration space under this bridge.
[    0.108698] PCI host bridge to bus 0000:00
[    0.112000] pci_bus 0000:00: root bus resource [io  0x0000-0x0cf7 window]
[    0.112000] pci_bus 0000:00: root bus resource [io  0x0d00-0xffff window]
[    0.112000] pci_bus 0000:00: root bus resource [mem 0x000a0000-0x000bffff window]
[    0.112000] pci_bus 0000:00: root bus resource [mem 0x40000000-0xfdffffff window]
[    0.112000] pci_bus 0000:00: root bus resource [bus 00-ff]
[    0.118211] pci 0000:00:01.1: legacy IDE quirk: reg 0x10: [io  0x01f0-0x01f7]
[    0.120000] pci 0000:00:01.1: legacy IDE quirk: reg 0x14: [io  0x03f6]
[    0.120000] pci 0000:00:01.1: legacy IDE quirk: reg 0x18: [io  0x0170-0x0177]
[    0.120000] pci 0000:00:01.1: legacy IDE quirk: reg 0x1c: [io  0x0376]
[    0.138368] pci 0000:00:07.0: quirk: [io  0x4000-0x403f] claimed by PIIX4 ACPI
[    0.140000] pci 0000:00:07.0: quirk: [io  0x4100-0x410f] claimed by PIIX4 SMB
[    0.149916] ACPI: PCI Interrupt Link [LNKA] (IRQs 5 9 10 *11)
[    0.152665] ACPI: PCI Interrupt Link [LNKB] (IRQs 5 9 *10 11)
[    0.156000] ACPI: PCI Interrupt Link [LNKC] (IRQs 5 *9 10 11)
[    0.156000] ACPI: PCI Interrupt Link [LNKD] (IRQs 5 9 10 *11)
[    0.156000] SCSI subsystem initialized
[    0.156279] pci 0000:00:02.0: vgaarb: setting as boot VGA device
[    0.160000] pci 0000:00:02.0: vgaarb: VGA device added: decodes=io+mem,owns=io+mem,locks=none
[    0.160000] pci 0000:00:02.0: vgaarb: bridge control possible
[    0.160000] vgaarb: loaded
[    0.160000] ACPI: bus type USB registered
[    0.160000] usbcore: registered new interface driver usbfs
[    0.160000] usbcore: registered new interface driver hub
[    0.160000] usbcore: registered new device driver usb
[    0.160259] EDAC MC: Ver: 3.0.0
[    0.168232] PCI: Using ACPI for IRQ routing
[    0.172000] NetLabel: Initializing
[    0.172000] NetLabel:  domain hash size = 128
[    0.172000] NetLabel:  protocols = UNLABELED CIPSOv4 CALIPSO
[    0.172000] NetLabel:  unlabeled traffic allowed by default
[    0.176294] clocksource: Switched to clocksource kvm-clock
[    0.180000] VFS: Disk quotas dquot_6.6.0
[    0.180000] VFS: Dquot-cache hash table entries: 512 (order 0, 4096 bytes)
[    0.180000] AppArmor: AppArmor Filesystem Enabled
[    0.180000] pnp: PnP ACPI init
[    0.238299] pnp: PnP ACPI: found 3 devices
[    0.284041] clocksource: acpi_pm: mask: 0xffffff max_cycles: 0xffffff, max_idle_ns: 2085701024 ns
[    0.284342] NET: Registered protocol family 2
[    0.284342] IP idents hash table entries: 16384 (order: 5, 131072 bytes)
[    0.305130] TCP established hash table entries: 8192 (order: 4, 65536 bytes)
[    0.309059] TCP bind hash table entries: 8192 (order: 5, 131072 bytes)
[    0.309059] TCP: Hash tables configured (established 8192 bind 8192)
[    0.309059] UDP hash table entries: 512 (order: 2, 16384 bytes)
[    0.309059] UDP-Lite hash table entries: 512 (order: 2, 16384 bytes)
[    0.309059] NET: Registered protocol family 1
[    0.309059] pci 0000:00:00.0: Limiting direct PCI/PCI transfers
[    0.309059] pci 0000:00:01.0: Activating ISA DMA hang workarounds
[    0.309059] pci 0000:00:02.0: Video device with shadowed ROM at [mem 0x000c0000-0x000dffff]
[    0.309059] Unpacking initramfs...
[    0.309059] Freeing initrd memory: 19528K
[    0.746785] clocksource: tsc: mask: 0xffffffffffffffff max_cycles: 0x6a8d2ad56ed, max_idle_ns: 881591064802 ns
[    0.750482] platform rtc_cmos: registered platform RTC device (no PNP device found)
[    0.750482] Scanning for low memory corruption every 60 seconds
[    0.767892] Initialise system trusted keyrings
[    0.771492] Key type blacklist registered
[    0.776280] workingset: timestamp_bits=36 max_order=18 bucket_order=0
[    0.783864] zbud: loaded
[    0.787710] squashfs: version 4.0 (2009/01/31) Phillip Lougher
[    0.793359] fuse init (API version 7.26)
[    0.813992] Key type asymmetric registered
[    0.817985] Asymmetric key parser 'x509' registered
[    0.817985] Block layer SCSI generic (bsg) driver version 0.4 loaded (major 246)
[    0.830887] io scheduler noop registered
[    0.834578] io scheduler deadline registered
[    0.834578] io scheduler cfq registered (default)
[    0.844784] ACPI: AC Adapter [AC] (on-line)
[    0.848681] input: Power Button as /devices/LNXSYSTM:00/LNXPWRBN:00/input/input0
[    0.852296] ACPI: Power Button [PWRF]
[    0.859887] input: Sleep Button as /devices/LNXSYSTM:00/LNXSLPBN:00/input/input1
[    0.863718] ACPI: Sleep Button [SLPF]
[    0.871010] Serial: 8250/16550 driver, 32 ports, IRQ sharing enabled
[    0.907042] 00:02: ttyS0 at I/O 0x3f8 (irq = 4, base_baud = 115200) is a 16550A
[    0.909326] Linux agpgart interface v0.103
[    0.921906] loop: module loaded
[    0.927900] scsi host0: ata_piix
[    0.932380] scsi host1: ata_piix
[    0.936029] ata1: PATA max UDMA/33 cmd 0x1f0 ctl 0x3f6 bmdma 0xd000 irq 14
[    0.936366] ata2: PATA max UDMA/33 cmd 0x170 ctl 0x376 bmdma 0xd008 irq 15
[    0.936366] libphy: Fixed MDIO Bus: probed
[    0.949021] tun: Universal TUN/TAP device driver, 1.6
[    0.949021] PPP generic driver version 2.4.2
[    0.949021] ehci_hcd: USB 2.0 'Enhanced' Host Controller (EHCI) Driver
[    0.949021] ehci-pci: EHCI PCI platform driver
[    0.949021] ehci-platform: EHCI generic platform driver
[    0.949021] ohci_hcd: USB 1.1 'Open' Host Controller (OHCI) Driver
[    0.949021] ohci-pci: OHCI PCI platform driver
[    0.949021] ohci-platform: OHCI generic platform driver
[    0.949021] uhci_hcd: USB Universal Host Controller Interface driver
[    0.949021] i8042: PNP: PS/2 Controller [PNP0303:PS2K,PNP0f03:PS2M] at 0x60,0x64 irq 1,12
[    1.015303] serio: i8042 KBD port at 0x60,0x64 irq 1
[    1.017074] serio: i8042 AUX port at 0x60,0x64 irq 12
[    1.017074] mousedev: PS/2 mouse device common for all mice
[    1.031630] rtc_cmos rtc_cmos: rtc core: registered rtc_cmos as rtc0
[    1.034462] rtc_cmos rtc_cmos: alarms up to one day, 114 bytes nvram
[    1.034462] i2c /dev entries driver
[    1.034462] device-mapper: uevent: version 1.0.3
[    1.034462] device-mapper: ioctl: 4.37.0-ioctl (2017-09-20) initialised: dm-devel@redhat.com
[    1.060760] ledtrig-cpu: registered to indicate activity on CPUs
[    1.067665] NET: Registered protocol family 10
[    1.074101] input: AT Translated Set 2 keyboard as /devices/platform/i8042/serio0/input/input2
[    1.088637] Segment Routing with IPv6
[    1.092465] NET: Registered protocol family 17
[    1.097424] Key type dns_resolver registered
[    1.102496] mce: Using 0 MCE banks
[    1.106170] RAS: Correctable Errors collector initialized.
[    1.106245] sched_clock: Marking stable (1102245665, 0)->(2273900945, -1171655280)
[    1.122594] registered taskstats version 1
[    1.127163] Loading compiled-in X.509 certificates
[    1.136509] Loaded X.509 cert 'Build time autogenerated kernel key: af32452646252a8bcb28446c2c4754d4174d97ad'
[    1.146069] Loaded X.509 cert 'Canonical Ltd. Live Patch Signing: 14df34d1a87cf37625abec039ef2bf521249b969'
[    1.159163] Loaded X.509 cert 'Canonical Ltd. Kernel Module Signing: 88f752e560a1e0737e31163a466ad7b70a850c19'
[    1.167880] blacklist: Loading compiled-in revocation X.509 certificates
[    1.174268] Loaded X.509 cert 'Canonical Ltd. Secure Boot Signing: 61482aa2830d0ab2ad5af10b7250da9033ddcef0'
[    1.183020] zswap: loaded using pool lzo/zbud
[    1.249649] Key type big_key registered
[    1.253584] Key type trusted registered
[    1.260532] Key type encrypted registered
[    1.264650] AppArmor: AppArmor sha1 policy hashing enabled
[    1.269563] ima: No TPM chip found, activating TPM-bypass! (rc=-19)
[    1.276502] ima: Allocated hash algorithm: sha1
[    1.281047] evm: HMAC attrs: 0x1
[    1.285405]   Magic number: 14:543:460
[    1.289804] rtc_cmos rtc_cmos: setting system clock to 2022-03-19 02:29:47 UTC (1647656987)
[    1.297612] BIOS EDD facility v0.16 2004-Jun-25, 0 devices found
[    1.303003] EDD information not available.
[    1.310578] Freeing unused kernel image memory: 2476K
[    1.332712] Write protecting the kernel read-only data: 20480k
[    1.339527] Freeing unused kernel image memory: 2008K
[    1.345121] Freeing unused kernel image memory: 1820K
[    1.355799] x86/mm: Checked W+X mappings: passed, no W+X pages found.
[    1.361989] x86/mm: Checking user space page tables
[    1.370644] x86/mm: Checked W+X mappings: passed, no W+X pages found.
Loading, please wait...
starting version 237
[    1.472893] Fusion MPT base driver 3.04.20
[    1.477417] Copyright (c) 1999-2008 LSI Corporation
[    1.860293] e1000: Intel(R) PRO/1000 Network Driver - version 7.3.21-k8-NAPI
[    1.866506] e1000: Copyright (c) 1999-2006 Intel Corporation.
[    1.879605] Fusion MPT SPI Host driver 3.04.20
[    2.737063] input: ImExPS/2 Generic Explorer Mouse as /devices/platform/i8042/serio1/input/input4
[    2.788880] e1000 0000:00:03.0 eth0: (PCI:33MHz:32-bit) 02:c8:d3:21:ca:c6
[    2.795344] e1000 0000:00:03.0 eth0: Intel(R) PRO/1000 Network Connection
[    2.804551] mptbase: ioc0: Initiating bringup
[    2.810312] e1000 0000:00:03.0 enp0s3: renamed from eth0
[    2.906173] ioc0: LSI53C1030 A0: Capabilities={Initiator}
[    4.036904] scsi host2: ioc0: LSI53C1030 A0, FwRev=00000000h, Ports=1, MaxQ=256, IRQ=20
[    4.262386] scsi 2:0:0:0: Direct-Access     VBOX     HARDDISK         1.0  PQ: 0 ANSI: 5
[    4.296907] scsi target2:0:0: Beginning Domain Validation
[    4.310956] scsi target2:0:0: Domain Validation skipping write tests
[    4.317434] scsi target2:0:0: Ending Domain Validation
[    4.323027] scsi target2:0:0: asynchronous
[    4.329646] scsi 2:0:1:0: Direct-Access     VBOX     HARDDISK         1.0  PQ: 0 ANSI: 5
[    4.364432] scsi target2:0:1: Beginning Domain Validation
[    4.378842] scsi target2:0:1: Domain Validation skipping write tests
[    4.385211] scsi target2:0:1: Ending Domain Validation
[    4.390845] scsi target2:0:1: asynchronous
[    4.404841] random: fast init done
[    4.411017] random: systemd-udevd: uninitialized urandom read (16 bytes read)
[    4.417152] random: systemd-udevd: uninitialized urandom read (16 bytes read)
[    4.423646] random: systemd-udevd: uninitialized urandom read (16 bytes read)
[    4.430223] sd 2:0:0:0: Attached scsi generic sg0 type 0
[    4.436260] sd 2:0:1:0: Attached scsi generic sg1 type 0
[    4.442543] sd 2:0:0:0: [sda] 83886080 512-byte logical blocks: (42.9 GB/40.0 GiB)
[    4.450473] sd 2:0:1:0: [sdb] 20480 512-byte logical blocks: (10.5 MB/10.0 MiB)
[    4.457778] sd 2:0:0:0: [sda] Write Protect is off
[    4.462594] sd 2:0:1:0: [sdb] Write Protect is off
[    4.467549] sd 2:0:0:0: [sda] Incomplete mode parameter data
[    4.473012] sd 2:0:0:0: [sda] Assuming drive cache: write through
[    4.479633] sd 2:0:1:0: [sdb] Incomplete mode parameter data
[    4.484981] sd 2:0:1:0: [sdb] Assuming drive cache: write through
[    4.495684]  sda: sda1
[    4.501679] sd 2:0:0:0: [sda] Attached SCSI disk
[    4.508084] sd 2:0:1:0: [sdb] Attached SCSI disk
Begin: Loading essential drivers ... [    6.833309] raid6: sse2x1   gen() 113516 MB/s
[    8.833893] raid6: sse2x1   xor() 244515 MB/s
[   10.830928] raid6: sse2x2   gen() 395489 MB/s
[   11.884996] raid6: sse2x2   xor() 13768 MB/s
[   11.937996] raid6: sse2x4   gen() 18886 MB/s
[   11.992873] raid6: sse2x4   xor() 11507 MB/s
[   11.997390] raid6: using algorithm sse2x2 gen() 395489 MB/s
[   12.002371] raid6: .... xor() 13768 MB/s, rmw enabled
[   12.007077] raid6: using ssse3x2 recovery algorithm
[   12.014745] xor: measuring software checksum speed
[   12.056963]    prefetch64-sse: 27737.000 MB/sec
[   12.100932]    generic_sse: 25274.000 MB/sec
[   12.105017] xor: using function: prefetch64-sse (27737.000 MB/sec)
[   12.112832] async_tx: api initialized (async)
done.
Begin: Running /scripts/init-premount ... done.
Begin: Mounting root file system ... Begin: Running /scripts/local-top ... done.
Begin: Running /scripts/local-premount ... [   12.173439] Btrfs loaded, crc32c=crc32c-intel
Scanning for Btrfs filesystems
done.
Warning: fsck not present, so skipping root file system
[   12.231773] EXT4-fs (sda1): mounted filesystem with ordered data mode. Opts: (null)
done.
Begin: Running /scripts/local-bottom ... done.
Begin: Running /scripts/init-bottom ... done.
[   12.469056] ip_tables: (C) 2000-2006 Netfilter Core Team
[   12.487867] systemd[1]: systemd 237 running in system mode. (+PAM +AUDIT +SELINUX +IMA +APPARMOR +SMACK +SYSVINIT +UTMP +LIBCRYPTSETUP +GCRYPT +GNUTLS +ACL +XZ +LZ4 +SECCOMP +BLKID +ELFUTILS +KMOD -IDN2 +IDN -PCRE2 default-hierarchy=hybrid)
[   12.505517] systemd[1]: Detected virtualization oracle.
[   12.510888] systemd[1]: Detected architecture x86-64.

Welcome to [1mUbuntu 18.04.6 LTS[0m!

[   12.543176] systemd[1]: Set hostname to <ubuntu>.
[   12.557626] systemd[1]: Initializing machine ID from random generator.
[   12.563287] systemd[1]: Installed transient /etc/machine-id file.
[   12.950249] systemd[1]: Reached target User and Group Name Lookups.
[[0;32m  OK  [0m] Reached target User and Group Name Lookups.
[   12.958466] systemd[1]: Started Forward Password Requests to Wall Directory Watch.
[[0;32m  OK  [0m] Started Forward Password Requests to Wall Directory Watch.
[   12.967461] systemd[1]: Set up automount Arbitrary Executable File Formats File System Automount Point.
[[0;32m  OK  [0m] Set up automount Arbitrary Executabâ€¦rmats File System Automount Point.
[   12.990196] systemd[1]: Created slice System Slice.
[[0;32m  OK  [0m] Created slice System Slice.
[[0;32m  OK  [0m] Listening on Device-mapper event daemon FIFOs.
[[0;32m  OK  [0m] Listening on Syslog Socket.
[[0;32m  OK  [0m] Listening on LVM2 poll daemon socket.
[[0;32m  OK  [0m] Listening on Journal Socket (/dev/log).
[[0;32m  OK  [0m] Listening on fsck to fsckd communication Socket.
[[0;32m  OK  [0m] Listening on udev Control Socket.
[[0;32m  OK  [0m] Listening on Network Service Netlink Socket.
[[0;32m  OK  [0m] Listening on Journal Socket.
         Starting Set the console keyboard layout...
         Starting Load Kernel Modules...
         Mounting POSIX Message Queue File System...
         Mounting Huge Pages File System...
         Starting Uncomplicated firewall...
         Mounting Kernel Debug File System...
[   13.046289] Loading iSCSI transport class v2.0-870.
[[0;32m  OK  [0m] Reached target Swap.
[[0;32m  OK  [0m] Listening on /dev/initctl Compatibility Named Pipe.
[[0;32m  OK  [0m] Created slice User and Session Slice.
[[0;32m  OK  [0m] Reached target System Time Synchronized.
[[0;32m  OK  [0m] Listening on LVM2 metadata daemon socket.
         Starting Monitoring of LVM2 mirrorsâ€¦ng dmeventd or progress polling...
[[0;32m  OK  [0m] Listening on udev Kernel Socket.
         Starting udev Coldplug all Devices...
         Starting Create list of required stâ€¦ce nodes for the current kernel...
[[0;32m  OK  [0m] Created slice system-serial\x2dgetty.slice.
[[0;32m  OK  [0m] Reached target Slices.
         Starting File System Check on Root Device...
[[0;32m  OK  [0m] Listening on Journal Audit Socket.
         Starting Journal Service...
[[0;32m  OK  [0m] Mounted POSIX Message Queue File System.
[[0;32m  OK  [0m] Mounted Huge Pages File System.
[[0;32m  OK  [0m] Started Uncomplicated firewall.
[[0;32m  OK  [0m] Mounted Kernel Debug File System.
[[0;32m  OK  [0m] Started LVM2 metadata daemon.
[[0;32m  OK  [0m] Started Create list of required staâ€¦vice nodes for the current kernel.
[[0;32m  OK  [0m] Started File System Check Daemon to report status.
         Starting Create Static Device Nodes in /dev...
[[0;32m  OK  [0m] Started udev Coldplug all Devices.
[   13.207132] iscsi: registered transport (tcp)
[[0;32m  OK  [0m] Started Journal Service.
[[0;32m  OK  [0m] Started Create Static Device Nodes in /dev.
[   13.318210] iscsi: registered transport (iser)
[[0;32m  OK  [0m] Started Load Kernel Modules.
         Mounting FUSE Control File System...
         Mounting Kernel Configuration File System...
         Starting Apply Kernel Variables...
[[0;32m  OK  [0m] Mounted FUSE Control File System.
[[0;32m  OK  [0m] Mounted Kernel Configuration File System.
[[0;32m  OK  [0m] Started Monitoring of LVM2 mirrors,â€¦sing dmeventd or progress polling.
[[0;32m  OK  [0m] Started File System Check on Root Device.
         Starting Remount Root and Kernel File Systems...
[[0;32m  OK  [0m] Started Apply Kernel Variables.
[[0;32m  OK  [0m] Started Remount Root and Kernel File Systems.
         Starting Load/Save Random Seed...
         Starting Flush Journal to Persistent Storage...
         Starting udev Kernel Device Manager...
[[0;32m  OK  [0m] Started Load/Save Random Seed.
[[0;32m  OK  [0m] Started udev Kernel Device Manager.
[[0;32m  OK  [0m] Started Flush Journal to Persistent Storage.
[[0;32m  OK  [0m] Started Set the console keyboard layout.
[[0;32m  OK  [0m] Found device /dev/ttyS0.
[[0;32m  OK  [0m] Started Dispatch Password Requests to Console Directory Watch.
[[0;32m  OK  [0m] Reached target Local Encrypted Volumes.
[[0;32m  OK  [0m] Reached target Local File Systems (Pre).
[[0;32m  OK  [0m] Reached target Local File Systems.
         Starting Create Volatile Files and Directories...
         Starting AppArmor initialization...
         Starting Set console font and keymap...
         Starting Tell Plymouth To Write Out Runtime Data...
         Starting ebtables ruleset management...
         Starting Commit a transient machine-id on disk...
[[0;32m  OK  [0m] Started Set console font and keymap.
[[0;32m  OK  [0m] Started Create Volatile Files and Directories.
[[0;32m  OK  [0m] Started Tell Plymouth To Write Out Runtime Data.
         Starting Update UTMP about System Boot/Shutdown...
[[0;32m  OK  [0m] Listening on Load/Save RF Kill Switch Status /dev/rfkill Watch.
[[0;32m  OK  [0m] Started Update UTMP about System Boot/Shutdown.
[[0;32m  OK  [0m] Started Commit a transient machine-id on disk.
[[0;32m  OK  [0m] Started ebtables ruleset management.
[[0;32m  OK  [0m] Started AppArmor initialization.
         Starting Initial cloud-init job (pre-networking)...
         Starting Load AppArmor profiles managed internally by snapd...
[[0;32m  OK  [0m] Started Load AppArmor profiles managed internally by snapd.
[   16.905571] cloud-init[536]: Cloud-init v. 21.4-0ubuntu1~18.04.1 running 'init-local' at Sat, 19 Mar 2022 02:30:02 +0000. Up 16.55 seconds.
[[0;32m  OK  [0m] Started Initial cloud-init job (pre-networking).
[[0;32m  OK  [0m] Reached target Network (Pre).
         Starting Network Service...
[[0;32m  OK  [0m] Started Network Service.
         Starting Network Name Resolution...
         Starting Wait for Network to be Configured...
[[0;32m  OK  [0m] Started Network Name Resolution.
[[0;32m  OK  [0m] Reached target Network.
[[0;32m  OK  [0m] Reached target Host and Network Name Lookups.
[[0;32m  OK  [0m] Started Wait for Network to be Configured.
         Starting Initial cloud-init job (metadata service crawler)...
[   19.090889] cloud-init[669]: Cloud-init v. 21.4-0ubuntu1~18.04.1 running 'init' at Sat, 19 Mar 2022 02:30:05 +0000. Up 18.98 seconds.
[   19.097864] cloud-init[669]: ci-info: ++++++++++++++++++++++++++++++++++++++Net device info++++++++++++++++++++++++++++++++++++++
[   19.103086] cloud-init[669]: ci-info: +--------+------+----------------------------+---------------+--------+-------------------+
[   19.107482] cloud-init[669]: ci-info: | Device |  Up  |          Address           |      Mask     | Scope  |     Hw-Address    |
[   19.111150] cloud-init[669]: ci-info: +--------+------+----------------------------+---------------+--------+-------------------+
[   19.117081] cloud-init[669]: ci-info: | enp0s3 | True |         10.0.2.15          | 255.255.255.0 | global | 02:c8:d3:21:ca:c6 |
[   19.121283] cloud-init[669]: ci-info: | enp0s3 | True | fe80::c8:d3ff:fe21:cac6/64 |       .       |  link  | 02:c8:d3:21:ca:c6 |
[   19.125543] cloud-init[669]: ci-info: |   lo   | True |         127.0.0.1          |   255.0.0.0   |  host  |         .         |
[   19.131396] cloud-init[669]: ci-info: |   lo   | True |          ::1/128           |       .       |  host  |         .         |
[   19.135618] cloud-init[669]: ci-info: +--------+------+----------------------------+---------------+--------+-------------------+
[   19.140458] cloud-init[669]: ci-info: ++++++++++++++++++++++++++++Route IPv4 info+++++++++++++++++++++++++++++
[   19.144338] cloud-init[669]: ci-info: +-------+-------------+----------+-----------------+-----------+-------+
[   19.148640] cloud-init[669]: ci-info: | Route | Destination | Gateway  |     Genmask     | Interface | Flags |
[   19.152897] cloud-init[669]: ci-info: +-------+-------------+----------+-----------------+-----------+-------+
[   19.160285] cloud-init[669]: ci-info: |   0   |   0.0.0.0   | 10.0.2.2 |     0.0.0.0     |   enp0s3  |   UG  |
[   19.163294] cloud-init[669]: ci-info: |   1   |   10.0.2.0  | 0.0.0.0  |  255.255.255.0  |   enp0s3  |   U   |
[   19.166635] cloud-init[669]: ci-info: |   2   |   10.0.2.2  | 0.0.0.0  | 255.255.255.255 |   enp0s3  |   UH  |
[   19.170298] cloud-init[669]: ci-info: +-------+-------------+----------+-----------------+-----------+-------+
[   19.174313] cloud-init[669]: ci-info: +++++++++++++++++++Route IPv6 info+++++++++++++++++++
[   19.177654] cloud-init[669]: ci-info: +-------+-------------+---------+-----------+-------+
[   19.182555] cloud-init[669]: ci-info: | Route | Destination | Gateway | Interface | Flags |
[   19.185424] cloud-init[669]: ci-info: +-------+-------------+---------+-----------+-------+
[   19.188097] cloud-init[669]: ci-info: |   1   |  fe80::/64  |    ::   |   enp0s3  |   U   |
[   19.191097] cloud-init[669]: ci-info: |   3   |    local    |    ::   |   enp0s3  |   U   |
[   19.194151] cloud-init[669]: ci-info: |   4   |   ff00::/8  |    ::   |   enp0s3  |   U   |
[   19.198866] cloud-init[669]: ci-info: +-------+-------------+---------+-----------+-------+
[   20.020056] cloud-init[669]: Generating public/private rsa key pair.
[   20.022746] cloud-init[669]: Your identification has been saved in /etc/ssh/ssh_host_rsa_key.
[   20.025282] cloud-init[669]: Your public key has been saved in /etc/ssh/ssh_host_rsa_key.pub.
[   20.027998] cloud-init[669]: The key fingerprint is:
[   20.030026] cloud-init[669]: SHA256:HY1jRdCwN1wvNlF4To0UwLzSjfqF58yie+L1X1sRPOs root@ubuntu-bionic
[   20.033084] cloud-init[669]: The key's randomart image is:
[   20.035330] cloud-init[669]: +---[RSA 2048]----+
[   20.036820] cloud-init[669]: |          oB+o==o|
[   20.038424] cloud-init[669]: |           *+.+o+|
[   20.039894] cloud-init[669]: |          *.=++B.|
[   20.041872] cloud-init[669]: |         o.++o.o=|
[   20.043353] cloud-init[669]: |        S .o . o |
[   20.044869] cloud-init[669]: |          . . + .|
[   20.046595] cloud-init[669]: |           ..* Eo|
[   20.048150] cloud-init[669]: |          ..+.+ +|
[   20.050420] cloud-init[669]: |         .+= ..o.|
[   20.052019] cloud-init[669]: +----[SHA256]-----+
[   20.053522] cloud-init[669]: Generating public/private dsa key pair.
[[0;32m  OK  [0m] Started Initial cloud-init job (metadata service crawler).
[[0;32m  OK  [0m] Reached target Network is Online.
[   20.062768] cloud-init[669]: Your identification has been saved in /etc/ssh/ssh_host_dsa_key.
[   20.072717] cloud-init[669]: Your public key has been saved in /etc/ssh/ssh_host_dsa_key.pub.
[   20.077881] cloud-init[669]: The key fingerprint is:
[   20.081036] cloud-init[669]: SHA256:c26e9brd6QIs5ZA9LUVcMf0aCO+RmgsoMN6WVOmNlZo root@ubuntu-bionic
[   20.099423] cloud-init[669]: The key's randomart image is:
         Starting Availability of block devices...
[[0;32m  OK  [0m] Reached target Remote File Systems (Pre).
[[0;32m  OK  [0m] Reached target Remote File Systems.
[[0;32m  OK  [0m] Reached target System Initialization.
[[0;32m  OK  [0m] Started Ubuntu Advantage Timer for running repeated jobs.
[[0;32m  OK  [0m] Started Message of the Day.
[[0;32m  OK  [0m] Listening on ACPID Listen Socket.
[[0;32m  OK  [0m] Listening on cloud-init hotplug hook socket.
[   20.113236] cloud-init[669]: +---[DSA 1024]----+
[   20.134196] [cloud-init[0;32m  OK  [0m[669]: ] |       . .  o..+o|Listening on Open-iSCSI iscsid Socket.

[   20.137489] [cloud-init[0;32m  OK  [0m[669]: ] |      o o .  o  o|Started Trigger to poll for Ubuntu â€¦(Only enabled on GCP LTS non-pro).

[   20.141595] [cloud-init[0;32m  OK  [0m[669]: ] |     o *  oooo  .|Started Daily apt download activities.

[   20.144989] cloud-init[669]: |  o . E .o ==.. .|
[[0;32m  OK  [0m] Started Daily apt upgrade and clean activities.
[[0;32m  OK  [0m] Listening on D-Bus System Message Bus Socket.
[[0;32m  OK  [0m] Listening on UUID daemon activation socket.
[   20.145067] cloud-init[669]: | . = . .S *+o. o |
         Starting Socket activation for snappy daemon.
[   20.157422] cloud-init[669]: |  . = . .=o+. .  |
[   20.163052]          cloud-initStarting LXD - unix socket.[669]: 
|   . .   .+.o    |
[   20.167037] [cloud-init[0;32m  OK  [0m[669]: ] |         o.o + ..|Started Discard unused blocks once a week.

[   20.170346] [cloud-init[0;32m  OK  [0m[669]: ] |          o oo=o.|Started ACPI Events Check.

[   20.172888] cloud-init[669]: +----[SHA256]-----+
[[0;32m  OK  [0m] Reached target Paths.
[[   20.172960] [0;32m  OK  [0mcloud-init] [669]: Started Daily Cleanup of Temporary Directories.Generating public/private ecdsa key pair.

[   20.179370] [cloud-init[0;32m  OK  [0m[669]: ] Your identification has been saved in /etc/ssh/ssh_host_ecdsa_key.Reached target Timers.

[[0;32m  OK  [0m] Reached target Cloud-config availability.
[   20.183649] cloud-init[669]: Your public key has been saved in /etc/ssh/ssh_host_ecdsa_key.pub.
[   20.187563] [cloud-init[0;32m  OK  [0m[669]: ] The key fingerprint is:Started Availability of block devices.

[   20.190767] [cloud-init[0;32m  OK  [0m[669]: ] SHA256:H5I/zpm+Jlx4cyEuR4yo9PkUd6ydid5hmLI5tcZBvIY root@ubuntu-bionicListening on Socket activation for snappy daemon.

[[0;32m  OK  [0m] Listening on LXD - unix socket.
[   20.195135] cloud-init[669]: The key's randomart image is:
[   20.198992] [cloud-init[0;32m  OK  [0m[669]: ] +---[ECDSA 256]---+Reached target Sockets.

[   20.201728] cloud-init[669]: |                 |
[[0;32m  OK  [0m] Reached target Basic System.
[   20.201798] cloud-init[669]: |                 |
[   20.206157] cloud-init[669]: |       . + .     |
[   20.208133] cloud-init[669]: |    . . o.B +    |
[   20.210451] cloud-init[669]: |   . o .SO.X +   |
[   20.212304] cloud-init[669]: |    . o E+/.B    |
[   20.214632] cloud-init[669]: |       + &+B .   |
         Starting Login Service...
[   20.236667] cloud-init[669]: |        Bo*+.    |
[[0;32m  OK  [0m] Started Regular background program processing daemon.
         Starting LSB: automatic crash report generation...
[[0;32m  OK  [0m] Started Deferred execution scheduler.
[   20.264830] cloud-init[669]: |         *B.     |
[   20.288409] cloud-init[669]: +----[SHA256]-----+
[   20.290236] cloud-init[669]: Generating public/private ed25519 key pair.
[   20.303534] cloud-init[669]: Your identification has been saved in /etc/ssh/ssh_host_ed25519_key.
[   20.310697] cloud-init[669]: Your public key has been saved in /etc/ssh/ssh_host_ed25519_key.pub.
[   20.313972] cloud-init[669]: The key fingerprint is:
[   20.315515] cloud-init[669]: SHA256:LO8a+oszYkJdqRxLLexJnuXomKkO5LhU7HT9Zlp/xGo root@ubuntu-bionic
[   20.318248] cloud-init[669]: The key's randomart image is:
         Starting Dispatcher daemon for systemd-networkd...
         Starting Permit User Sessions...
[[0;32m  OK  [0m] Started D-Bus System Message Bus.
[   20.327351] cloud-init[669]: +--[ED25519 256]--+
[   20.338496] cloud-init[669]: |                 |
[   20.339943] cloud-init[669]: |                 |
[   20.341680] cloud-init[669]: |  . . .          |
[   20.343283] cloud-init[669]: |  .* =..         |
[   20.344720] cloud-init[669]: | .B+%...S   .    |
[   20.347466] cloud-init[669]: |+.+@.. o.    o   |
[   20.349721] cloud-init[669]: |+o=.  . .=  o    |
[   20.351379] cloud-init[669]: |+=o.oo o= .E .   |
[   20.354010] cloud-init[669]: |=+ .o+++. ...    |
[   20.357381] cloud-init[669]: +----[SHA256]-----+
[[0;32m  OK  [0m] Started Login Service.
[[0;32m  OK  [0m] Started Unattended Upgrades Shutdown.
         Starting System Logging Service...
[[0;32m  OK  [0m] Started FUSE filesystem for LXC.
         Starting Pollinate to seed the pseudo random number generator...
         Starting LSB: Record successful boot for GRUB...
         Starting Accounts Service...
         Starting Virtualbox guest utils...
[[0;32m  OK  [0m] Started irqbalance daemon.
         Starting LXD - container startup/shutdown...
         Starting Snap Daemon...
[[0;32m  OK  [0m] Started System Logging Service.
[[0;32m  OK  [0m] Started Permit User Sessions.
         Starting Authorization Manager...
         Starting Terminate Plymouth Boot Screen...
         Starting Hold until boot process finishes up...
[[0;32m  OK  [0m] Started Hold until boot process finishes up.
[[0;32m  OK  [0m] Started Terminate Plymouth Boot Screen.
[[0;32m  OK  [0m] Started Serial Getty on ttyS0.
         Starting Set console scheme...
[[0;32m  OK  [0m] Started LSB: automatic crash report generation.
[[0;32m  OK  [0m] Started Set console scheme.
[[0;32m  OK  [0m] Created slice system-getty.slice.
[[0;32m  OK  [0m] Started Getty on tty1.
[[0;32m  OK  [0m] Reached target Login Prompts.
[[0;32m  OK  [0m] Started LSB: Record successful boot for GRUB.
[[0;32m  OK  [0m] Started Authorization Manager.
[[0;32m  OK  [0m] Started Accounts Service.
[[0;32m  OK  [0m] Started Dispatcher daemon for systemd-networkd.
[[0;32m  OK  [0m] Started Virtualbox guest utils.
[[0;32m  OK  [0m] Started LXD - container startup/shutdown.
[[0;32m  OK  [0m] Started Snap Daemon.
         Starting Wait until snapd is fully seeded...
         Starting Time & Date Service...
[[0;32m  OK  [0m] Started Time & Date Service.
[[0;32m  OK  [0m] Started Pollinate to seed the pseudo random number generator.
         Starting OpenBSD Secure Shell server...
[[0;32m  OK  [0m] Started OpenBSD Secure Shell server.
[[0;32m  OK  [0m] Created slice User Slice of vagrant.
         Starting User Manager for UID 1000...
[[0;32m  OK  [0m] Started Session 1 of user vagrant.
[[0;32m  OK  [0m] Started User Manager for UID 1000.
[[0;32m  OK  [0m] Started Wait until snapd is fully seeded.
[[0;32m  OK  [0m] Reached target Multi-User System.
[[0;32m  OK  [0m] Reached target Graphical Interface.
         Starting Update UTMP about System Runlevel Changes...
         Starting Apply the settings specified in cloud-config...
[[0;32m  OK  [0m] Started Update UTMP about System Runlevel Changes.
[   26.943172] cloud-init[1445]: Cloud-init v. 21.4-0ubuntu1~18.04.1 running 'modules:config' at Sat, 19 Mar 2022 02:30:12 +0000. Up 26.23 seconds.

Ubuntu 18.04.6 LTS ubuntu-bionic ttyS0

ubuntu-bionic login: ci-info: no authorized SSH keys fingerprints found for user ubuntu.
<14>Mar 19 02:30:13 cloud-init: #############################################################
<14>Mar 19 02:30:13 cloud-init: -----BEGIN SSH HOST KEY FINGERPRINTS-----
<14>Mar 19 02:30:13 cloud-init: 1024 SHA256:c26e9brd6QIs5ZA9LUVcMf0aCO+RmgsoMN6WVOmNlZo root@ubuntu-bionic (DSA)
<14>Mar 19 02:30:13 cloud-init: 256 SHA256:H5I/zpm+Jlx4cyEuR4yo9PkUd6ydid5hmLI5tcZBvIY root@ubuntu-bionic (ECDSA)
<14>Mar 19 02:30:13 cloud-init: 256 SHA256:LO8a+oszYkJdqRxLLexJnuXomKkO5LhU7HT9Zlp/xGo root@ubuntu-bionic (ED25519)
<14>Mar 19 02:30:13 cloud-init: 2048 SHA256:HY1jRdCwN1wvNlF4To0UwLzSjfqF58yie+L1X1sRPOs root@ubuntu-bionic (RSA)
<14>Mar 19 02:30:13 cloud-init: -----END SSH HOST KEY FINGERPRINTS-----
<14>Mar 19 02:30:13 cloud-init: #############################################################
-----BEGIN SSH HOST KEY KEYS-----
ecdsa-sha2-nistp256 AAAAE2VjZHNhLXNoYTItbmlzdHAyNTYAAAAIbmlzdHAyNTYAAABBBDLRr9l4QNucm15XKCMUj1ZG264UNXON78IyPTAEFGwRKsGbbhkak24xAHId0HjMlUKxCD3Zc7HOczELtHFCgrg= root@ubuntu-bionic
ssh-ed25519 AAAAC3NzaC1lZDI1NTE5AAAAIAmOAOl2vbJ3dqBl6WxWMVuFRIwIOr9dEtJnuFrXNsXZ root@ubuntu-bionic
ssh-rsa AAAAB3NzaC1yc2EAAAADAQABAAABAQDnkiYLyk8g+3ZPtIm/hSf8obXWJFaMxEwE8tcOcCxOa6UZFHoGP5xmkBE8LozCRsHRswj3LMXPKvG1Q9FwNf8r8hhkJb/fGlnvOGjw+9SjPpxrO3ZcVTZZHziP2x8RrJK9JrIIHvWwBKRJW0T2AN5QDX6yfs4ri3hrCIe9bMIBkCHtHcadzPfoGXeY7b+jM5gTRtTqRGN2KW6GaBBEACO9Tzkzg7YF//xXh+Y6VGOLqIK99Q+NjhOJD/ZlTaIRulvRpywN5xv3z4bjOhD0PKwLnNb23lHRtryKy2pa8Y0bQ+aCthXMfF0TEdbciiAvWclek7Y30L6YfI1XKo/VgQjz root@ubuntu-bionic
-----END SSH HOST KEY KEYS-----
[   27.504665] cloud-init[1527]: Cloud-init v. 21.4-0ubuntu1~18.04.1 running 'modules:final' at Sat, 19 Mar 2022 02:30:13 +0000. Up 27.29 seconds.
[   27.504722] cloud-init[1527]: ci-info: no authorized SSH keys fingerprints found for user ubuntu.
[   27.504759] cloud-init[1527]: Cloud-init v. 21.4-0ubuntu1~18.04.1 finished at Sat, 19 Mar 2022 02:30:13 +0000. Datasource DataSourceNoCloud [seed=/dev/sdb][dsmode=net].  Up 27.49 seconds
